     1 00000000                                 
     2 00000000                                 [INSTRSET "i486p"]
     3                                          	org	0x7c00
     4 00007C00                                 
     5 00007C00 EB 4E                           	jmp	entry
     6 00007C02 90                              	db	0x90
     7 00007C03 63 68 6E 6F 73 20 20 20         	db	"chnos   "
     8 00007C0B 0200                            	dw	512
     9 00007C0D 01                              	db	1
    10 00007C0E 0001                            	dw	1
    11 00007C10 02                              	db	2
    12 00007C11 00E0                            	dw	224
    13 00007C13 0B40                            	dw	2880
    14 00007C15 F0                              	db	0xf0
    15 00007C16 0009                            	dw	9
    16 00007C18 0012                            	dw	18
    17 00007C1A 0002                            	dw	2
    18 00007C1C 00000000                        	dd	0
    19 00007C20 00000B40                        	dd	2880
    20 00007C24 00 00 29                        	db	0, 0, 0x29
    21 00007C27 FFFFFFFF                        	dd	0xffffffff
    22 00007C2B 63 68 6E 6F 73 62 6F 6F 74 20   	db	"chnosboot  "
       00007C35 20 
    23 00007C36 66 61 74 31 32 20 20 20         	db	"fat12   "
    24 00007C3E 00 00 00 00 00 00 00 00 00 00   	resb	18
       00007C48 00 00 00 00 00 00 00 00 
    25 00007C50                                 
    26 00007C50                                 entry:
    27 00007C50 B8 0000                         	mov	ax, 0
    28 00007C53 8E D0                           	mov	ss, ax
    29 00007C55 BC 7C00                         	mov	sp, 0x7c00
    30 00007C58 8E D8                           	mov	ds, ax
    31 00007C5A B8 0820                         	mov	ax, 0x0820
    32 00007C5D 8E C0                           	mov	es, ax
    33 00007C5F B5 00                           	mov	ch, 0
    34 00007C61 B6 00                           	mov	dh, 0
    35 00007C63 B1 02                           	mov	cl, 2
    36 00007C65 BB 0023                         	mov	bx, 18*2-1
    37 00007C68 E8 0068                         	call	readfast
    38 00007C6B                                 
    39 00007C6B BB 92DA                         	mov	bx, 4312+0x8200+2
    40 00007C6E                                 fatloop:
    41 00007C6E 83 C3 FE                        	add	bx, -2
    42 00007C71 83 3F 00                        	cmp	word[bx], 0
    43 00007C74 74 F8                           	jz	fatloop
    44 00007C76 89 D8                           	mov	ax, bx
    45 00007C78 05 7E66                         	add	ax, -0x8200-5+54+53
    46 00007C7B B3 36                           	mov	bl, 54
    47 00007C7D F6 F3                           	div	bl
    48 00007C7F 3C 00                           	cmp	al, 0
    49 00007C81 75 02                           	jnz	fatskip1
    50 00007C83 B0 01                           	mov	al, 1
    51 00007C85                                 fatskip1:
    52 00007C85 3C 21                           	cmp	al, 33
    53 00007C87 76 02                           	jbe	fatskip2
    54 00007C89 B0 21                           	mov	al, 33
    55 00007C8B                                 fatskip2:
    56 00007C8B A2 0FF0                         	mov	[0x0ff0], al
    57 00007C8E 04 FF                           	add	al, -1
    58 00007C90 74 13                           	jz	fatskip3
    59 00007C92 B4 00                           	mov	ah, 0
    60 00007C94 6B D8 24                        	imul	bx, ax, 18*2
    61 00007C97 B8 0C80                         	mov	ax, 0x0c80
    62 00007C9A 8E C0                           	mov	es, ax
    63 00007C9C B5 01                           	mov	ch, 1
    64 00007C9E B6 00                           	mov	dh, 0
    65 00007CA0 B1 01                           	mov	cl, 1
    66 00007CA2 E8 002E                         	call	readfast
    67 00007CA5                                 fatskip3:
    68 00007CA5 E9 4558                         	jmp	0xc200
    69 00007CA8                                 
    70 00007CA8                                 error:
    71 00007CA8 B8 0000                         	mov	ax, 0
    72 00007CAB 8E C0                           	mov	es, ax
    73 00007CAD BE 7CC5                         	mov	si, msg
    74 00007CB0                                 putloop:
    75 00007CB0 8A 04                           	mov	al, [si]
    76 00007CB2 83 C6 01                        	add	si, 1
    77 00007CB5 3C 00                           	cmp	al, 0
    78 00007CB7 74 09                           	je	fin
    79 00007CB9 B4 0E                           	mov	ah, 0x0e
    80 00007CBB BB 000F                         	mov	bx, 15
    81 00007CBE CD 10                           	int	0x10
    82 00007CC0 EB EE                           	jmp	putloop
    83 00007CC2                                 fin:
    84 00007CC2 F4                              	hlt
    85 00007CC3 EB FD                           	jmp	fin
    86 00007CC5                                 
    87 00007CC5 0A 0A 6C 6F 61 64 20 65 72 72   msg:	db	0x0a, 0x0a, "load error", 0x0a, 0
       00007CCF 6F 72 0A 00 
    88 00007CD3                                 
    89 00007CD3                                 readfast:
    90 00007CD3 8C C0                           	mov	ax, es
    91 00007CD5 C1 E0 03                        	shl	ax, 3
    92 00007CD8 80 E4 7F                        	and	ah, 0x7f
    93 00007CDB B0 80                           	mov	al, 128
    94 00007CDD 28 E0                           	sub	al, ah
    95 00007CDF 88 DC                           	mov	ah, bl
    96 00007CE1 80 FF 00                        	cmp	bh, 0
    97 00007CE4 74 02                           	je	.skip1
    98 00007CE6 B4 12                           	mov	ah, 18
    99 00007CE8                                 .skip1:
   100 00007CE8 38 E0                           	cmp	al, ah
   101 00007CEA 76 02                           	jbe	.skip2
   102 00007CEC 88 E0                           	mov	al, ah
   103 00007CEE                                 .skip2:
   104 00007CEE B4 13                           	mov	ah, 19
   105 00007CF0 28 CC                           	sub	ah, cl
   106 00007CF2 38 E0                           	cmp	al, ah
   107 00007CF4 76 02                           	jbe	.skip3
   108 00007CF6 88 E0                           	mov	al, ah
   109 00007CF8                                 .skip3:
   110 00007CF8 53                              	push	bx
   111 00007CF9 BE 0000                         	mov	si, 0
   112 00007CFC                                 retry:
   113 00007CFC B4 02                           	mov	ah, 0x02
   114 00007CFE BB 0000                         	mov	bx, 0
   115 00007D01 B2 00                           	mov	dl, 0x00
   116 00007D03 06                              	push	es
   117 00007D04 52                              	push	dx
   118 00007D05 51                              	push	cx
   119 00007D06 50                              	push	ax
   120 00007D07 CD 13                           	int	0x13
   121 00007D09 73 14                           	jnc	next
   122 00007D0B 83 C6 01                        	add	si, 1
   123 00007D0E 83 FE 05                        	cmp	si, 5
   124 00007D11 73 95                           	jae	error
   125 00007D13 B4 00                           	mov	ah, 0x00
   126 00007D15 B2 00                           	mov	dl, 0x00
   127 00007D17 CD 13                           	int	0x13
   128 00007D19 58                              	pop	ax
   129 00007D1A 59                              	pop	cx
   130 00007D1B 5A                              	pop	dx
   131 00007D1C 07                              	pop	es
   132 00007D1D EB DD                           	jmp	retry
   133 00007D1F                                 
   134 00007D1F                                 next:
   135 00007D1F 58                              	pop	ax
   136 00007D20 59                              	pop	cx
   137 00007D21 5A                              	pop	dx
   138 00007D22 5B                              	pop	bx
   139 00007D23 C1 EB 05                        	shr	bx, 5
   140 00007D26 B4 00                           	mov	ah, 0
   141 00007D28 01 C3                           	add	bx, ax
   142 00007D2A C1 E3 05                        	shl	bx, 5
   143 00007D2D 8E C3                           	mov	es, bx
   144 00007D2F 5B                              	pop	bx
   145 00007D30 29 C3                           	sub	bx, ax
   146 00007D32 74 18                           	jz	.ret
   147 00007D34 00 C1                           	add	cl, al
   148 00007D36 80 F9 12                        	cmp	cl, 18
   149 00007D39 76 98                           	jbe	readfast
   150 00007D3B B1 01                           	mov	cl, 1
   151 00007D3D 80 C6 01                        	add	dh, 1
   152 00007D40 80 FE 02                        	cmp	dh, 2
   153 00007D43 72 8E                           	jb	readfast
   154 00007D45 B6 00                           	mov	dh, 0
   155 00007D47 80 C5 01                        	add	ch, 1
   156 00007D4A EB 87                           	jmp	readfast
   157 00007D4C                                 .ret:
   158 00007D4C C3                              	ret
   159 00007D4D                                 
   160 00007D4D 00 00 00 00 00 00 00 00 00 00   	resb	0x7dfe-$
       00007D57 00 00 00 00 00 00 00 00 00 00 
       00007D61 00 00 00 00 00 00 00 00 00 00 
       00007D6B 00 00 00 00 00 00 00 00 00 00 
       00007D75 00 00 00 00 00 00 00 00 00 00 
       00007D7F 00 00 00 00 00 00 00 00 00 00 
       00007D89 00 00 00 00 00 00 00 00 00 00 
       00007D93 00 00 00 00 00 00 00 00 00 00 
       00007D9D 00 00 00 00 00 00 00 00 00 00 
       00007DA7 00 00 00 00 00 00 00 00 00 00 
       00007DB1 00 00 00 00 00 00 00 00 00 00 
       00007DBB 00 00 00 00 00 00 00 00 00 00 
       00007DC5 00 00 00 00 00 00 00 00 00 00 
       00007DCF 00 00 00 00 00 00 00 00 00 00 
       00007DD9 00 00 00 00 00 00 00 00 00 00 
       00007DE3 00 00 00 00 00 00 00 00 00 00 
       00007DED 00 00 00 00 00 00 00 00 00 00 
       00007DF7 00 00 00 00 00 00 00 
   161 00007DFE 55 AA                           	db	0x55, 0xaa
